[www.kshetra.org/index.html]
[static.wixstatic.com/media/630fd8_3ce7a19119244eddbb70d8fea0acd451_mv2.png/v1/fill/w_192,h_192,lg_1,usm_0.66_1.00_0.01/630fd8_3ce7a19119244eddbb70d8fea0acd451_mv2.png]
[static.wixstatic.com/media/630fd8_3ce7a19119244eddbb70d8fea0acd451_mv2.png/v1/fill/w_32,h_32,lg_1,usm_0.66_1.00_0.01/630fd8_3ce7a19119244eddbb70d8fea0acd451_mv2.png]
[static.wixstatic.com/media/630fd8_3ce7a19119244eddbb70d8fea0acd451_mv2.png/v1/fill/w_180,h_180,lg_1,usm_0.66_1.00_0.01/630fd8_3ce7a19119244eddbb70d8fea0acd451_mv2.png]
[static.parastorage.com/unpkg/core-js-bundle@3.2.1/minified.js]
[static.parastorage.com/unpkg/focus-within-polyfill@5.0.9/dist/focus-within-polyfill.js]
[backblue.gif]
[fade.gif]
[index.html]
[polyfill-fastly.io/v3/polyfill.mind82c.js]
[www.kshetra.org/c.6.delayed]
[www.kshetra.org/t.7.delayed]
[static.wixstatic.com/media/630fd8_66f83321c87a4334a0750bdfd1d59ef5_mv2.jpg/v1/fill/w_73,h_73,al_c,q_80,usm_0.66_1.00_0.01,enc_auto/1638601801242.jpg]
[www.kshetra.org/testimonials.html]
[www.kshetra.org/about-3-1.html]
[www.kshetra.org/data-analytics-governance.html]
[www.kshetra.org/core-values.html]
[www.kshetra.org/capabilities.html]
[www.kshetra.org/fellowship.html]
[www.kshetra.org/joinus.html]
[www.kshetra.org/contact-us.html]
[static.wixstatic.com/media/630fd8_634c9dff185040769f4a9c83312cf1d3_mv2.jpg/v1/fill/w_492,h_287,al_c,q_80,usm_0.66_1.00_0.01,enc_auto/Indian Parliament .jpg]
[static.wixstatic.com/media/630fd8_526b962b99ef4cfb920c9f1387956f50_mv2.jpg/v1/fill/w_147,h_98,al_c,q_80,usm_0.66_1.00_0.01,blur_2,enc_auto/630fd8_526b962b99ef4cfb920c9f1387956f50_mv2.jpg]
[static.wixstatic.com/media/630fd8_f3321292e00444478632ec22a55bd6cc_mv2.jpg/v1/fill/w_50,h_76,al_c,q_80,usm_0.66_1.00_0.01,blur_2,enc_auto/ravi-sharma-JnxS4mGEAn8-unsplash.jpg]
[static.wixstatic.com/media/630fd8_d0b0e31d35f94975a57d8f6f58ad7a5c_mv2.png/v1/fill/w_57,h_58,al_c,q_85,usm_0.66_1.00_0.01,enc_auto/download (2).png]
[static.wixstatic.com/media/630fd8_26696c8f174d4633aa397aca940c4630_mv2.png/v1/fill/w_57,h_58,al_c,q_85,usm_0.66_1.00_0.01,enc_auto/Vector-Instagram-icon-PNG (1).png]
[static.wixstatic.com/media/630fd8_5594b9fb85ea4432a8eece6940902005_mv2.webp/v1/fill/w_57,h_58,al_c,q_80,usm_0.66_1.00_0.01,enc_auto/1690643640twitter-x-icon-png.webp]
[browser.sentry-cdn.com/6.18.2/bundle.min.js]
[www.kshetra.org/sitemap.xml]
[www.kshetra.org/feed.19.delayed]
[www.kshetra.org/${i.1a.delayed]
[static.parastorage.com/services/wix-thunderbolt/dist/thunderbolt-commons.c1d8ed1c.bundle.min.js]
[static.parastorage.com/services/wix-thunderbolt/dist/main.4a2d1e74.bundle.min.js]
[static.parastorage.com/services/wix-thunderbolt/dist/main.renderer.1d21f023.bundle.min.js]
[static.parastorage.com/unpkg/lodash@4.17.21/lodash.min.js]
[static.parastorage.com/unpkg/react@18.3.1/umd/react.production.min.js]
[static.parastorage.com/unpkg/react-dom@18.3.1/umd/react-dom.production.min.js]
[www.kshetra.org/decodeURIComponent(e.21.delayed]
[static.parastorage.com/services/tag-manager-client/1.875.0/siteTags.bundle.min.js]
[www.kshetra.org/index.html]
[www.kshetra.org/c.html]
[www.kshetra.org/t.html]
[static.wixstatic.com/media/630fd8_4adf4e73484f4690b20f45312af9e267_mv2.jpg/v1/fill/w_101,h_67,al_c,q_80,usm_0.66_1.00_0.01,blur_2,enc_auto/630fd8_4adf4e73484f4690b20f45312af9e267_mv2.jpg]
[static.wixstatic.com/media/630fd8_d0b0e31d35f94975a57d8f6f58ad7a5c_mv2.png/v1/fill/w_57,h_57,al_c,q_85,usm_0.66_1.00_0.01,blur_3,enc_auto/download (2).png]
[static.wixstatic.com/media/630fd8_26696c8f174d4633aa397aca940c4630_mv2.png/v1/fill/w_57,h_57,al_c,q_85,usm_0.66_1.00_0.01,blur_3,enc_auto/Vector-Instagram-icon-PNG (1).png]
[static.wixstatic.com/media/630fd8_5594b9fb85ea4432a8eece6940902005_mv2.webp/v1/fill/w_57,h_57,al_c,q_80,usm_0.66_1.00_0.01,blur_3,enc_auto/1690643640twitter-x-icon-png.webp]
[www.kshetra.org/testimonials.html]
[www.kshetra.org/about-3-1.html]
[static.wixstatic.com/media/630fd8_146d57be77204257bcb53cd902a0a0cf_mv2.png/v1/fill/w_249,h_213,al_c,q_85,usm_0.66_1.00_0.01,enc_auto/7-Company-Values-Examples-Featured-Image.png]
[www.kshetra.org/core-values.html]
[static.wixstatic.com/media/630fd8_45d0387842a14a96bc585cb582e21f6e_mv2.png/v1/fill/w_336,h_223,al_c,q_85,usm_0.66_1.00_0.01,enc_auto/fellowship png.png]
[static.wixstatic.com/media/630fd8_fd65a2ada05540ee95d6edec0a03e695_mv2.webp/v1/fill/w_152,h_152,al_c,q_80,usm_0.66_1.00_0.01,enc_auto/4062662.webp]
[static.wixstatic.com/media/630fd8_cc833682621e41a6b91989711944d8aa_mv2.png/v1/fill/w_290,h_218,al_c,q_85,usm_0.66_1.00_0.01,enc_auto/Who-is-an-MLA-.png]
[static.wixstatic.com/media/630fd8_3b6cec152b0248778f4a34cb2ce49a8a_mv2.png/v1/fill/w_260,h_165,al_c,q_85,usm_0.66_1.00_0.01,enc_auto/1686288736474.png]
[static.wixstatic.com/media/630fd8_54ccdf11fc1d49b59cb97d1440c0a0cd_mv2.png/v1/fill/w_127,h_127,al_c,q_85,usm_0.66_1.00_0.01,enc_auto/gettyimages-1352890355-640x640.png]
[static.wixstatic.com/media/630fd8_01cff8673a9d40f4875a0cc8d2d8276f_mv2.png/v1/fill/w_164,h_114,al_c,q_85,usm_0.66_1.00_0.01,enc_auto/1698856046224.png]
[www.kshetra.org/data-analytics-governance.html]
[static.wixstatic.com/media/630fd8_0a0047ddb5964cb2965153ba6e5c67f5_mv2.png/v1/fill/w_351,h_189,al_c,q_85,usm_0.66_1.00_0.01,enc_auto/fellowship png.png]
[static.wixstatic.com/media/630fd8_fce14d376ca2447ab3db30266b6a1cfb_mv2.webp/v1/fill/w_250,h_198,al_c,q_80,usm_0.66_1.00_0.01,enc_auto/NPL-Chandrakala.webp]
[static.wixstatic.com/media/630fd8_33f700fdaa864f8ead1a2e1063740bf6_mv2.jpeg/v1/fill/w_250,h_171,al_c,q_80,usm_0.66_1.00_0.01,enc_auto/1686288736474.jpg]
[static.wixstatic.com/media/630fd8_00b6e1ee5ef340c4984c14b103204ae2_mv2.jpg/v1/fill/w_250,h_171,al_c,q_80,usm_0.66_1.00_0.01,enc_auto/1-1697634686.jpg]
[static.wixstatic.com/media/630fd8_8e45b1e7a9d640a0b730609d7423efc5_mv2.jpg/v1/fill/w_250,h_171,al_c,q_80,usm_0.66_1.00_0.01,enc_auto/Chhattisgarh-Assembly-Election-2023-Phase-2-Voting.jpg]
[static.wixstatic.com/media/630fd8_4792c85b184c4cc8b44169562ebd5e97_mv2.jpg/v1/fill/w_250,h_171,al_c,q_80,usm_0.66_1.00_0.01,enc_auto/womns_march5.jpg]
[static.wixstatic.com/media/630fd8_e79b65d7889c4697af63c52e447fcc5d_mv2.jpg/v1/fill/w_250,h_171,al_c,q_80,usm_0.66_1.00_0.01,enc_auto/25975904.jpg]
[static.wixstatic.com/media/630fd8_7a9f89decef74a87a75610a6e041518c_mv2.jpg/v1/fill/w_250,h_171,al_c,q_80,usm_0.66_1.00_0.01,enc_auto/0__9D1GLR9jb08x4g5.jpg]
[www.kshetra.org/capabilities.html]
[static.wixstatic.com/media/630fd8_0a0047ddb5964cb2965153ba6e5c67f5_mv2.png/v1/fill/w_388,h_209,al_c,q_85,usm_0.66_1.00_0.01,enc_auto/fellowship png.png]
[static.wixstatic.com/media/630fd8_604fe2ddd220491e8bff0a520d99ce08_mv2.png/v1/fill/w_75,h_11,al_c,q_85,usm_0.66_1.00_0.01,blur_2,enc_auto/Screenshot 2024-04-21 120917_edited.png]
[www.kshetra.org/fellowship.html]
[static.parastorage.com/services/third-party/fonts/user-site-fonts/fonts/66cac56e-d017-4544-9d0c-f7d978f0c5c2.svg]
[static.parastorage.com/services/third-party/fonts/user-site-fonts/fonts/9c58e9ea-fdea-4b9c-b0f9-0a2157389ed0.svg]
[static.wixstatic.com/media/630fd8_0a0047ddb5964cb2965153ba6e5c67f5_mv2.png/v1/fill/w_373,h_201,al_c,q_85,usm_0.66_1.00_0.01,enc_auto/fellowship png.png]
[static.wixstatic.com/media/630fd8_1e23c45544354a3e91713ae5baa8bd9d_mv2.png/v1/fill/w_76,h_74,al_c,q_85,usm_0.66_1.00_0.01,enc_auto/848006.png]
[static.wixstatic.com/media/630fd8_1e23c45544354a3e91713ae5baa8bd9d_mv2.png/v1/fill/w_74,h_74,al_c,q_85,usm_0.66_1.00_0.01,blur_3,enc_auto/848006.png]
[www.kshetra.org/joinus.html]
[static.wixstatic.com/media/630fd8_72f58a52bdd04deab0211af670818c54_mv2.png/v1/fill/w_318,h_304,al_c,q_85,usm_0.66_1.00_0.01,enc_auto/istockphoto-483321391-612x612.png]
[www.kshetra.org/contact-us.html]
[static.wixstatic.com/media/630fd8_090937e21780428f9ffd4f13806ba65e_mv2.webp/v1/fill/w_316,h_186,al_c,q_80,usm_0.66_1.00_0.01,enc_auto/2912023.webp]
[www.kshetra.org/${i.html]
[www.kshetra.org/decodeURIComponent(e.html]
[polyfill-fastly.io/v3/polyfill.mind82c.js]
[static.wixstatic.com/media/630fd8_aa5dd9f50c6b4568a8ca4820dff8158b_mv2.png/v1/fill/w_316,h_186,al_c,q_85,usm_0.66_1.00_0.01,enc_au/stock-vector-philosophy-study-as-learning-about-moral-and-eth]
[www.kshetra.org/c.html]
[static.wixstatic.com/media/630fd8_fcea93d18d514eaf90ab3678b3ff2f02_mv2.png/v1/fill/w_113,h_152,al_c,q_85,usm_0.66_1.00_0.01,enc_au/vector-illustration-woman-flying-floating-air-touching-glowin]
[static.wixstatic.com/media/630fd8_a368b94d16f44b4ab01993beca232efd_mv2.png/v1/fill/w_197,h_197,al_c,q_85,usm_0.66_1.00_0.01,enc_au/business-mission-abstract-concept-vector-illustration-stateme]
[static.wixstatic.com/media/630fd8_17e82dd7d0d44adba6cb38e34f153b4a_mv2.png/v1/fill/w_316,h_186,al_c,q_85,usm_0.66_1.00_0.01,enc_au/male-female-characters-working-vision-statement-office-togeth]
[static.wixstatic.com/media/630fd8_c819c600f8cd48e68291cb9b63829657_mv2.png/v1/fill/w_316,h_186,al_c,q_85,usm_0.66_1.00_0.01,enc_au/target-goal-setting-business-success-260nw-2220662557.2b.dela]
[static.wixstatic.com/media/nsplsh_695241767679575a665a59_mv2_d_5760_3840_s/v1/fill/w_195,h_222,al_c,q_80,usm_0.66_1.00_0.01,enc_au/nsplsh_695241767679575a665a59_mv2_d_5760_3840_s_4_2.2d.delaye]
[static.wixstatic.com/media/630fd8_d750dd010e214d01b4a0eca6fe6c63d4_mv2.png/v1/fill/w_283,h_175,al_c,q_85,usm_0.66_1.00_0.01,enc_au/indian-politician-delivering-speed-during-260nw-2202168667 (1]
[www.kshetra.org/feed.html]
[static.wixstatic.com/media/630fd8_3e232f6c7e264950b3b5b60993741baa_mv2.png/v1/fill/w_110,h_110,al_c,q_85,usm_0.66_1.00_0.01,enc_au/selfperception_graphic-1-qb1bag9o0ibczony0uctwz3llyi2z093rrmp]
[www.kshetra.org/sitemap.xml]
[static.wixstatic.com/media/nsplsh_6a396a5a53716648355949_mv2_d_5013_3342_s/v1/fill/w_82,h_54,al_c,q_80,usm_0.66_1.00_0.01,blur_2,e/nsplsh_6a396a5a53716648355949_mv2_d_5013_3342_s_4_2.3f.delaye]
[static.wixstatic.com/media/630fd8_fd65a2ada05540ee95d6edec0a03e695_mv2.webp/v1/fill/w_152,h_152,al_c,q_80,usm_0.66_1.00_0.01,enc_auto/4062662.webp]
[static.parastorage.com/services/third-party/fonts/user-site-fonts/fonts/66cac56e-d017-4544-9d0c-f7d978f0c5c2.svg]
[static.parastorage.com/services/third-party/fonts/user-site-fonts/fonts/9c58e9ea-fdea-4b9c-b0f9-0a2157389ed0.svg]
[www.kshetra.org/testimonials.html]
